.next/dev/types/validator.ts(333,31): error TS2344: Type 'typeof import("C:/Users/iamja/OneDrive/Desktop/cricknow/src/app/api/admin/pages/[id]/route")' does not satisfy the constraint 'RouteHandlerConfig<"/api/admin/pages/[id]">'.
  Types of property 'GET' are incompatible.
    Type '(req: NextRequest, { params }: { params: { id: string; }; }) => Promise<NextResponse<{ success: boolean; data: any; }> | NextResponse<{ error: any; }>>' is not assignable to type '(request: NextRequest, context: { params: Promise<{ id: string; }>; }) => void | Response | Promise<void | Response>'.
      Types of parameters '__1' and 'context' are incompatible.
        Type '{ params: Promise<{ id: string; }>; }' is not assignable to type '{ params: { id: string; }; }'.
          Types of property 'params' are incompatible.
            Property 'id' is missing in type 'Promise<{ id: string; }>' but required in type '{ id: string; }'.
.next/dev/types/validator.ts(351,31): error TS2344: Type 'typeof import("C:/Users/iamja/OneDrive/Desktop/cricknow/src/app/api/admin/promotions/[id]/route")' does not satisfy the constraint 'RouteHandlerConfig<"/api/admin/promotions/[id]">'.
  Types of property 'PUT' are incompatible.
    Type '(req: NextRequest, { params }: { params: { id: string; }; }) => Promise<NextResponse<any>>' is not assignable to type '(request: NextRequest, context: { params: Promise<{ id: string; }>; }) => void | Response | Promise<void | Response>'.
      Types of parameters '__1' and 'context' are incompatible.
        Type '{ params: Promise<{ id: string; }>; }' is not assignable to type '{ params: { id: string; }; }'.
          Types of property 'params' are incompatible.
            Property 'id' is missing in type 'Promise<{ id: string; }>' but required in type '{ id: string; }'.
.next/types/validator.ts(42,39): error TS2307: Cannot find module '../../src/app/page.js' or its corresponding type declarations.
src/app/(public)/blogs/[slug]/page.tsx(150,74): error TS2322: Type '{ content: any; ads: any; }' is not assignable to type 'IntrinsicAttributes & ContentWithAdsProps'.
  Property 'ads' does not exist on type 'IntrinsicAttributes & ContentWithAdsProps'.
src/app/(public)/news/[slug]/page.tsx(168,74): error TS2322: Type '{ content: any; ads: any; }' is not assignable to type 'IntrinsicAttributes & ContentWithAdsProps'.
  Property 'ads' does not exist on type 'IntrinsicAttributes & ContentWithAdsProps'.
src/models/HomePageConfig.ts(38,13): error TS2349: This expression is not callable.
  Type 'SaveOptions' has no call signatures.
src/models/HomePageConfig.ts(41,5): error TS2349: This expression is not callable.
  Type 'SaveOptions' has no call signatures.
